2022-11-29T16:48:38.315+0800	ERROR	mysql/user.go:13	Error 1146: Table 'web_app.user' doesn't exist
2022-11-29T16:51:29.899+0800	ERROR	myself/main.go:58	<nil>
2022-11-29T16:51:38.911+0800	ERROR	mysql/user.go:13	Error 1146: Table 'web_app.user' doesn't exist
2022-11-29T16:53:30.908+0800	ERROR	myself/main.go:58	<nil>
2022-11-29T16:53:40.659+0800	ERROR	mysql/user.go:13	Error 1630: FUNCTION myself.count does not exist. Check the 'Function Name Parsing and Resolution' section in the Reference Manual
2022-11-29T16:57:33.631+0800	ERROR	myself/main.go:58	<nil>
2022-11-29T16:57:41.705+0800	ERROR	mysql/user.go:20	must pass a pointer, not a value, to StructScan destination
2022-11-29T16:59:59.692+0800	ERROR	myself/main.go:58	<nil>
2022-11-29T17:06:24.935+0800	ERROR	myself/main.go:58	<nil>
2022-11-29T17:08:37.707+0800	ERROR	myself/main.go:58	<nil>
2022-11-29T17:14:45.823+0800	ERROR	myself/main.go:58	<nil>
2022-11-29T17:14:53.466+0800	INFO	controller/user.go:14	Key: 'ParamSignUp.RePassword' Error:Field validation for 'RePassword' failed on the 'required' tag
2022-11-29T17:17:07.430+0800	ERROR	myself/main.go:58	<nil>
2022-11-29T17:19:01.132+0800	ERROR	myself/main.go:58	<nil>
2022-11-29T17:20:22.084+0800	ERROR	myself/main.go:58	<nil>
2022-11-29T17:21:37.602+0800	ERROR	myself/main.go:58	<nil>
2022-11-29T17:22:45.178+0800	ERROR	myself/main.go:58	<nil>
2022-11-29T17:23:23.426+0800	ERROR	myself/main.go:58	<nil>
2022-11-29T17:23:55.640+0800	ERROR	myself/main.go:58	<nil>
2022-11-29T17:25:36.661+0800	ERROR	myself/main.go:58	<nil>
2022-11-29T17:30:29.989+0800	ERROR	myself/main.go:58	<nil>
2022-11-29T17:32:48.391+0800	ERROR	myself/main.go:60	<nil>
2022-11-29T17:32:55.820+0800	INFO	mysql/user.go:24	username has existed
2022-11-29T17:32:56.939+0800	INFO	mysql/user.go:24	username has existed
2022-11-29T17:36:01.131+0800	ERROR	myself/main.go:60	<nil>
2022-11-29T17:36:08.507+0800	INFO	mysql/user.go:24	username has existed
2022-11-29T17:39:32.247+0800	ERROR	myself/main.go:60	<nil>
2022-11-29T17:39:38.854+0800	INFO	mysql/user.go:24	username has existed
2022-11-29T17:40:51.930+0800	ERROR	myself/main.go:60	<nil>
2022-11-29T17:40:59.682+0800	INFO	mysql/user.go:24	username has existed
2022-11-29T17:41:09.613+0800	ERROR	myself/main.go:60	<nil>
2022-11-30T16:43:09.253+0800	ERROR	myself/main.go:60	<nil>
2022-11-30T16:49:49.592+0800	ERROR	myself/main.go:60	<nil>
2022-11-30T16:50:09.928+0800	ERROR	myself/main.go:60	<nil>
2022-11-30T16:52:31.343+0800	ERROR	logic/user.go:41	missing destination name user_id in *module.User
2022-11-30T17:00:52.283+0800	ERROR	myself/main.go:60	<nil>
2022-11-30T17:01:08.713+0800	ERROR	controller/user.go:40	用户名或密码错误
2022-11-30T17:01:21.348+0800	ERROR	myself/main.go:60	<nil>
2022-12-01T15:11:57.650+0800	ERROR	controller/user.go:40	用户名或密码错误
2022-12-01T15:39:07.694+0800	ERROR	myself/main.go:60	<nil>
2022-12-02T16:43:27.948+0800	ERROR	controller/post.go:16	json: cannot unmarshal string into Go struct field ParamPost.community_id of type int64
2022-12-02T16:45:29.639+0800	ERROR	myself/main.go:60	<nil>
2022-12-02T16:46:44.419+0800	ERROR	myself/main.go:60	<nil>
2022-12-02T17:06:06.852+0800	ERROR	controller/post.go:30	Error 1064: You have an error in your SQL syntax; check the manual that corresponds to your MySQL server version for the right syntax to use near '?,?,?,?,?' at line 1
2022-12-02T17:07:11.206+0800	ERROR	myself/main.go:60	<nil>
2022-12-02T17:07:44.852+0800	ERROR	controller/post.go:30	sql: expected 5 arguments, got 4
2022-12-02T17:08:45.113+0800	ERROR	myself/main.go:60	<nil>
2022-12-02T17:08:53.229+0800	ERROR	controller/post.go:30	Error 1366: Incorrect integer value: '路漫漫其修远兮' for column 'author_id' at row 1
2022-12-02T17:09:39.717+0800	ERROR	myself/main.go:60	<nil>
2022-12-02T17:13:34.639+0800	ERROR	controller/post.go:70	Error 1054: Unknown column 'communtiy_id' in 'where clause'
2022-12-02T17:14:12.605+0800	ERROR	myself/main.go:60	<nil>
2022-12-02T17:15:54.230+0800	ERROR	controller/post.go:57	strconv.ParseInt: parsing "": invalid syntax
2022-12-02T17:18:26.876+0800	ERROR	controller/post.go:39	strconv.ParseInt: parsing "": invalid syntax
2022-12-02T17:20:45.036+0800	ERROR	controller/post.go:39	strconv.ParseInt: parsing "": invalid syntax
2022-12-02T17:21:20.532+0800	ERROR	controller/post.go:39	strconv.ParseInt: parsing "": invalid syntax
2022-12-02T17:22:34.034+0800	ERROR	controller/post.go:39	strconv.ParseInt: parsing "": invalid syntax
2022-12-02T17:27:14.264+0800	ERROR	controller/post.go:39	strconv.ParseInt: parsing "": invalid syntax
2022-12-02T17:27:43.283+0800	ERROR	controller/post.go:39	strconv.ParseInt: parsing "": invalid syntax
2022-12-02T17:27:50.152+0800	ERROR	controller/post.go:39	strconv.ParseInt: parsing "": invalid syntax
2022-12-02T17:29:39.266+0800	ERROR	controller/post.go:39	strconv.ParseInt: parsing "": invalid syntax
2022-12-02T17:30:42.631+0800	ERROR	controller/post.go:39	strconv.ParseInt: parsing "": invalid syntax
2022-12-02T17:34:26.964+0800	ERROR	controller/community.go:32	sql: no rows in result set
2022-12-02T17:34:38.218+0800	ERROR	controller/post.go:39	strconv.ParseInt: parsing "": invalid syntax
2022-12-02T17:36:08.083+0800	ERROR	controller/post.go:39	strconv.ParseInt: parsing "": invalid syntax
2022-12-02T17:37:27.773+0800	ERROR	myself/main.go:60	<nil>
2022-12-02T17:37:41.600+0800	ERROR	controller/post.go:47	Error 1054: Unknown column 'creat_time' in 'field list'
2022-12-02T17:39:22.329+0800	ERROR	myself/main.go:60	<nil>
2022-12-02T17:39:31.277+0800	ERROR	controller/post.go:47	sql: no rows in result set
2022-12-02T17:41:41.924+0800	ERROR	myself/main.go:60	<nil>
2022-12-04T15:48:57.922+0800	ERROR	myself/main.go:60	<nil>
2022-12-04T15:49:50.883+0800	ERROR	myself/main.go:60	<nil>
2022-12-04T16:01:59.894+0800	ERROR	myself/main.go:60	<nil>
2022-12-04T16:06:32.344+0800	ERROR	myself/main.go:60	<nil>
2022-12-04T16:22:49.476+0800	ERROR	controller/vote.go:15	Key: 'ParamPostVoted.PostID' Error:Field validation for 'PostID' failed on the 'required' tag
Key: 'ParamPostVoted.Vote' Error:Field validation for 'Vote' failed on the 'required' tag
2022-12-04T16:23:43.483+0800	ERROR	controller/vote.go:15	Key: 'ParamPostVoted.Vote' Error:Field validation for 'Vote' failed on the 'required' tag
2022-12-04T16:25:04.558+0800	ERROR	myself/main.go:60	<nil>
2022-12-04T16:25:12.503+0800	ERROR	controller/vote.go:15	Key: 'ParamPostVoted.Vote' Error:Field validation for 'Vote' failed on the 'required' tag
2022-12-04T16:25:15.652+0800	ERROR	controller/vote.go:15	Key: 'ParamPostVoted.Vote' Error:Field validation for 'Vote' failed on the 'required' tag
2022-12-04T16:25:20.327+0800	ERROR	controller/vote.go:23	请勿重复投票
2022-12-04T16:26:24.141+0800	ERROR	myself/main.go:60	<nil>
2022-12-04T16:28:47.531+0800	ERROR	controller/vote.go:23	请勿重复投票
2022-12-04T16:32:14.392+0800	ERROR	myself/main.go:60	<nil>
2022-12-04T16:35:32.112+0800	ERROR	myself/main.go:60	<nil>
2022-12-04T16:37:56.789+0800	ERROR	myself/main.go:60	<nil>
2022-12-04T16:39:22.427+0800	ERROR	myself/main.go:60	<nil>
2022-12-04T16:43:44.908+0800	ERROR	myself/main.go:60	<nil>
2022-12-04T16:46:38.632+0800	ERROR	myself/main.go:60	<nil>
2022-12-04T16:46:46.723+0800	ERROR	logic/post.go:59	sql: no rows in result set
2022-12-04T16:46:46.723+0800	ERROR	controller/post.go:93	sql: no rows in result set
2022-12-04T16:47:01.170+0800	ERROR	logic/post.go:59	sql: no rows in result set
2022-12-04T16:47:01.170+0800	ERROR	controller/post.go:93	sql: no rows in result set
2022-12-04T16:49:50.501+0800	ERROR	myself/main.go:60	<nil>
2022-12-04T16:50:01.337+0800	ERROR	logic/post.go:59	sql: no rows in result set
2022-12-04T16:50:01.337+0800	ERROR	controller/post.go:93	sql: no rows in result set
2022-12-04T16:52:31.946+0800	ERROR	logic/post.go:59	sql: no rows in result set
2022-12-04T16:52:31.946+0800	ERROR	controller/post.go:93	sql: no rows in result set
2022-12-04T16:55:39.131+0800	ERROR	logic/post.go:59	sql: no rows in result set
2022-12-04T16:55:39.131+0800	ERROR	controller/post.go:93	sql: no rows in result set
2022-12-04T16:58:53.598+0800	ERROR	myself/main.go:60	<nil>
2022-12-04T17:25:12.711+0800	ERROR	myself/main.go:60	<nil>
2022-12-04T17:28:01.743+0800	ERROR	myself/main.go:60	<nil>
2022-12-04T17:33:31.538+0800	ERROR	myself/main.go:60	<nil>
2022-12-04T17:33:58.067+0800	ERROR	myself/main.go:60	<nil>
